// Jest Snapshot v1, https://goo.gl/fbAQLP

exports[`RegionList renders RegionList component 1`] = `
<div>
  <div>
    Loading...
  </div>
</div>
`;
